
Cindy@Cindy-HP MINGW64 ~
$ ls
AppData/
Application Data@
BITB6B4.tmp
Contacts/
Cookies@
Desktop/
Documents/
Downloads/
Favorites/
first.github.io/
Links/
Local Settings@
Music/
My Documents@
NetHood@
ntuser.dat
ntuser.dat.LOG1
ntuser.dat.LOG2
NTUSER.DAT{016888bd-6c6f-11de-8d1d-001e0bcde3ec}.TM.blf
NTUSER.DAT{016888bd-6c6f-11de-8d1d-001e0bcde3ec}.TMContainer00000000000000000001.regtrans-ms
NTUSER.DAT{016888bd-6c6f-11de-8d1d-001e0bcde3ec}.TMContainer00000000000000000002.regtrans-ms
ntuser.dat{492b40c8-eeee-11e4-bb91-002315562c74}.TM.blf
ntuser.dat{492b40c8-eeee-11e4-bb91-002315562c74}.TMContainer00000000000000000001.regtrans-ms
ntuser.dat{492b40c8-eeee-11e4-bb91-002315562c74}.TMContainer00000000000000000002.regtrans-ms
ntuser.ini
Pictures/
PrintHood@
projects/
Recent@
Roaming/
Saved Games/
Searches/
SendTo@
Start Menu@
Sti_Trace.log
Templates@
Videos/

Cindy@Cindy-HP MINGW64 ~
$ cd Documents/

Cindy@Cindy-HP MINGW64 ~/Documents
$ ls
~$at's wrong with Washington's cuisine.doc
~WRL1979.tmp
~WRL2106.tmp
101templates.zip
3 points from 88 tips.doc
350 INN HIS CARE COMMUNITY LIVING FOR MEN.doc
Any Video Converter/
Asian screen.doc
Aurora, Canby, Wilsonville.doc
AY drawing.doc
Chinese screen Lake Oswego $225.doc
Church/
Cindy's coupon card for Dad - Christmas.doc
Circuit Court of the State of Oregon for Multnomah County.doc
Code 101/
complaint dauntless deals.doc
cover letter ag oregon.doc
Dangers of Giving Your Home to Your Children.doc
dauntless deals alias.doc
Dealer night Nov. 14.doc
Default.rdp
Dependent Personality Disorder Symptoms.doc
desktop.ini
docs for ZeroChaos/
email on Hakata doll.doc
eugene.doc
falling.txt
Family.docx
Far East Finds logo.doc
Far East Finds stamp.doc
Federal Complaint_Foster rev 17.docx
Five Steps for Telling the Story of Your Complex Case.doc
Florida trip.xls
Fortune Peter Elkund article.doc
furnace and water heater inspection.doc
Good afternoon Your Honor-Cindy.doc
hold on tight.txt
How do I fund my IRA account with a check.doc
income tracker.xls
IT and log-ins/
Jobs, Businesses, Income/
Lustre Craft expenses.xls
M.Bent.doc
Mike's ESL Community Practicum Lesson Plans - 2010/
Motion and Declaration to Present Oral Testimony rev 1.doc
My Music@
My PaperPort Documents/
My Pictures@
My Videos@
nantucket diddy bag.doc
necklines and jewelry.wlmp
Petition For Review Bent NO. 46824-7_ rev6-SoC_Cindy.doc
prayers.doc
Projects/
Restaurant in Kawasaki/
Sales Mistake.doc
scrap hardwoods.doc
short medium bob.doc
student desk, book case and chair - vancouver.doc
TurboTax/
What's wrong with Washington's cuisine.doc
Win.doc

Cindy@Cindy-HP MINGW64 ~/Documents
$ cd IT\ and\ log-ins/

Cindy@Cindy-HP MINGW64 ~/Documents/IT and log-ins
$ cd js-assessment/

Cindy@Cindy-HP MINGW64 ~/Documents/IT and log-ins/js-assessment (master)
$ npm install
npm WARN deprecated tough-cookie@2.2.2: ReDoS vulnerability parsing Set-Cookie https://nodesecurity.io/advisories/130
npm WARN deprecated to-iso-string@0.0.2: to-iso-string has been deprecated, use @segment/to-iso-string instead.
npm WARN deprecated jade@0.26.3: Jade has been renamed to pug, please install the latest version of pug instead of jade
npm WARN deprecated minimatch@0.3.0: Please update to minimatch 3.0.2 or higher to avoid a RegExp DoS issue
js-assessment@0.3.0 C:\Users\Cindy\Documents\IT and log-ins\js-assessment
+-- backbone@1.3.3
+-- browser-sync@2.17.3
| +-- browser-sync-client@2.4.2
| | +-- etag@1.7.0
| | `-- fresh@0.3.0
| +-- browser-sync-ui@0.6.1
| | +-- async-each-series@0.1.1
| | +-- connect-history-api-fallback@1.3.0
| | +-- stream-throttle@0.1.3
| | | +-- commander@2.9.0
| | | | `-- graceful-readlink@1.0.1
| | | `-- limiter@1.1.0
| | `-- weinre@2.0.0-pre-I0Z7U9OV
| |   +-- express@2.5.11
| |   | +-- connect@1.9.2
| |   | | `-- formidable@1.0.17
| |   | +-- mime@1.2.4
| |   | `-- qs@0.4.2
| |   +-- nopt@3.0.6
| |   | `-- abbrev@1.0.9
| |   `-- underscore@1.7.0
| +-- bs-recipes@1.2.3
| +-- chokidar@1.6.0
| | +-- anymatch@1.3.0
| | | `-- arrify@1.0.1
| | +-- async-each@1.0.1
| | +-- glob-parent@2.0.0
| | +-- inherits@2.0.3
| | +-- is-binary-path@1.0.1
| | | `-- binary-extensions@1.7.0
| | +-- is-glob@2.0.1
| | `-- readdirp@2.1.0
| |   +-- readable-stream@2.1.5
| |   | `-- buffer-shims@1.0.0
| |   `-- set-immediate-shim@1.0.1
| +-- connect@3.5.0
| | +-- finalhandler@0.5.0
| | | +-- on-finished@2.3.0
| | | | `-- ee-first@1.1.1
| | | +-- statuses@1.3.0
| | | `-- unpipe@1.0.0
| | +-- parseurl@1.3.1
| | `-- utils-merge@1.0.0
| +-- dev-ip@1.0.1
| +-- easy-extender@2.3.2
| | `-- lodash@3.10.1
| +-- eazy-logger@3.0.2
| | `-- tfunk@3.0.2
| |   `-- object-path@0.9.2
| +-- emitter-steward@1.0.0
| +-- fs-extra@0.30.0
| | +-- graceful-fs@4.1.9
| | +-- jsonfile@2.4.0
| | +-- klaw@1.3.0
| | `-- rimraf@2.5.4
| +-- http-proxy@1.15.1
| | +-- eventemitter3@1.2.0
| | `-- requires-port@1.0.0
| +-- immutable@3.8.1
| +-- localtunnel@1.8.1
| | +-- openurl@1.1.0
| | +-- request@2.65.0
| | | +-- aws-sign2@0.6.0
| | | +-- bl@1.0.3
| | | | `-- readable-stream@2.0.6
| | | +-- caseless@0.11.0
| | | +-- combined-stream@1.0.5
| | | | `-- delayed-stream@1.0.0
| | | +-- extend@3.0.0
| | | +-- forever-agent@0.6.1
| | | +-- form-data@1.0.1
| | | | `-- async@2.1.1
| | | |   `-- lodash@4.16.4
| | | +-- har-validator@2.0.6
| | | +-- hawk@3.1.3
| | | | +-- boom@2.10.1
| | | | +-- cryptiles@2.0.5
| | | | +-- hoek@2.16.3
| | | | `-- sntp@1.0.9
| | | +-- http-signature@0.11.0
| | | | +-- asn1@0.1.11
| | | | +-- assert-plus@0.1.5
| | | | `-- ctype@0.5.3
| | | +-- isstream@0.1.2
| | | +-- json-stringify-safe@5.0.1
| | | +-- node-uuid@1.4.7
| | | +-- oauth-sign@0.8.2
| | | +-- qs@5.2.1
| | | +-- stringstream@0.0.5
| | | +-- tough-cookie@2.2.2
| | | `-- tunnel-agent@0.4.3
| | `-- yargs@3.29.0
| |   +-- camelcase@1.2.1
| |   `-- window-size@0.1.4
| +-- micromatch@2.3.11
| | +-- arr-diff@2.0.0
| | | `-- arr-flatten@1.0.1
| | +-- array-unique@0.2.1
| | +-- braces@1.8.5
| | | +-- expand-range@1.8.2
| | | | `-- fill-range@2.2.3
| | | |   +-- is-number@2.1.0
| | | |   +-- isobject@2.1.0
| | | |   +-- randomatic@1.1.5
| | | |   `-- repeat-string@1.5.4
| | | +-- preserve@0.2.0
| | | `-- repeat-element@1.1.2
| | +-- expand-brackets@0.1.5
| | | `-- is-posix-bracket@0.1.1
| | +-- extglob@0.3.2
| | +-- filename-regex@2.0.0
| | +-- is-extglob@1.0.0
| | +-- kind-of@3.0.4
| | | `-- is-buffer@1.1.4
| | +-- normalize-path@2.0.1
| | +-- object.omit@2.0.0
| | | +-- for-own@0.1.4
| | | | `-- for-in@0.1.6
| | | `-- is-extendable@0.1.1
| | +-- parse-glob@3.0.4
| | | +-- glob-base@0.3.0
| | | `-- is-dotfile@1.0.2
| | `-- regex-cache@0.4.3
| |   +-- is-equal-shallow@0.1.3
| |   `-- is-primitive@2.0.0
| +-- opn@4.0.2
| | +-- object-assign@4.1.0
| | `-- pinkie-promise@2.0.1
| |   `-- pinkie@2.0.4
| +-- portscanner@1.0.0
| | `-- async@0.1.15
| +-- qs@6.2.1
| +-- resp-modifier@6.0.2
| | `-- minimatch@3.0.3
| |   `-- brace-expansion@1.1.6
| |     +-- balanced-match@0.4.2
| |     `-- concat-map@0.0.1
| +-- rx@4.1.0
| +-- serve-index@1.8.0
| | +-- accepts@1.3.3
| | | `-- negotiator@0.6.1
| | +-- batch@0.5.3
| | +-- escape-html@1.0.3
| | +-- http-errors@1.5.0
| | | +-- inherits@2.0.1
| | | `-- setprototypeof@1.0.1
| | `-- mime-types@2.1.12
| |   `-- mime-db@1.24.0
| +-- serve-static@1.11.1
| | +-- encodeurl@1.0.1
| | `-- send@0.14.1
| |   +-- depd@1.1.0
| |   +-- destroy@1.0.4
| |   +-- mime@1.3.4
| |   `-- range-parser@1.2.0
| +-- server-destroy@1.0.1
| +-- socket.io@1.5.0
| | +-- engine.io@1.7.0
| | | +-- base64id@0.1.0
| | | +-- engine.io-parser@1.3.0
| | | | +-- after@0.8.1
| | | | +-- arraybuffer.slice@0.0.6
| | | | +-- base64-arraybuffer@0.1.5
| | | | +-- blob@0.0.4
| | | | +-- has-binary@0.1.6
| | | | | `-- isarray@0.0.1
| | | | `-- wtf-8@1.0.0
| | | `-- ws@1.1.1
| | |   +-- options@0.0.6
| | |   `-- ultron@1.0.2
| | +-- has-binary@0.1.7
| | | `-- isarray@0.0.1
| | +-- socket.io-adapter@0.4.0
| | | `-- socket.io-parser@2.2.2
| | |   +-- debug@0.7.4
| | |   +-- isarray@0.0.1
| | |   `-- json3@3.2.6
| | +-- socket.io-client@1.5.0
| | | +-- backo2@1.0.2
| | | +-- component-bind@1.0.0
| | | +-- component-emitter@1.2.0
| | | +-- engine.io-client@1.7.0
| | | | +-- component-inherit@0.0.3
| | | | +-- has-cors@1.1.0
| | | | +-- parsejson@0.0.1
| | | | +-- parseqs@0.0.2
| | | | +-- xmlhttprequest-ssl@1.5.1
| | | | `-- yeast@0.1.2
| | | +-- indexof@0.0.1
| | | +-- object-component@0.0.3
| | | +-- parseuri@0.0.4
| | | | `-- better-assert@1.0.2
| | | |   `-- callsite@1.0.0
| | | `-- to-array@0.1.4
| | `-- socket.io-parser@2.2.6
| |   +-- benchmark@1.0.0
| |   +-- component-emitter@1.1.2
| |   +-- isarray@0.0.1
| |   `-- json3@3.3.2
| +-- ua-parser-js@0.7.10
| `-- yargs@6.0.0
|   +-- cliui@3.2.0
|   | `-- wrap-ansi@2.0.0
|   +-- decamelize@1.2.0
|   +-- get-caller-file@1.0.2
|   +-- os-locale@1.4.0
|   | `-- lcid@1.0.0
|   |   `-- invert-kv@1.0.0
|   +-- read-pkg-up@1.0.1
|   | +-- find-up@1.1.2
|   | | `-- path-exists@2.1.0
|   | `-- read-pkg@1.1.0
|   |   +-- load-json-file@1.1.0
|   |   | +-- parse-json@2.2.0
|   |   | | `-- error-ex@1.3.0
|   |   | |   `-- is-arrayish@0.2.1
|   |   | `-- strip-bom@2.0.0
|   |   |   `-- is-utf8@0.2.1
|   |   +-- normalize-package-data@2.3.5
|   |   | +-- hosted-git-info@2.1.5
|   |   | +-- is-builtin-module@1.0.0
|   |   | | `-- builtin-modules@1.1.1
|   |   | +-- semver@5.3.0
|   |   | `-- validate-npm-package-license@3.0.1
|   |   |   +-- spdx-correct@1.0.2
|   |   |   | `-- spdx-license-ids@1.2.2
|   |   |   `-- spdx-expression-parse@1.0.4
|   |   `-- path-type@1.1.0
|   +-- require-directory@2.1.1
|   +-- require-main-filename@1.0.1
|   +-- set-blocking@2.0.0
|   +-- string-width@1.0.2
|   | +-- code-point-at@1.0.1
|   | | `-- number-is-nan@1.0.1
|   | `-- is-fullwidth-code-point@1.0.0
|   +-- which-module@1.0.0
|   +-- window-size@0.2.0
|   +-- y18n@3.2.1
|   `-- yargs-parser@4.0.2
|     `-- camelcase@3.0.0
+-- chai@2.3.0
| +-- assertion-error@1.0.0
| `-- deep-eql@0.1.3
|   `-- type-detect@0.1.1
+-- eslint@2.13.1
| +-- chalk@1.1.3
| | +-- ansi-styles@2.2.1
| | +-- escape-string-regexp@1.0.5
| | +-- has-ansi@2.0.0
| | +-- strip-ansi@3.0.1
| | `-- supports-color@2.0.0
| +-- concat-stream@1.5.2
| | +-- readable-stream@2.0.6
| | | +-- core-util-is@1.0.2
| | | +-- process-nextick-args@1.0.7
| | | +-- string_decoder@0.10.31
| | | `-- util-deprecate@1.0.2
| | `-- typedarray@0.0.6
| +-- debug@2.2.0
| | `-- ms@0.7.1
| +-- doctrine@1.5.0
| | `-- isarray@1.0.0
| +-- es6-map@0.1.4
| | +-- d@0.1.1
| | +-- es5-ext@0.10.12
| | +-- es6-iterator@2.0.0
| | +-- es6-set@0.1.4
| | +-- es6-symbol@3.1.0
| | `-- event-emitter@0.3.4
| +-- escope@3.6.0
| | +-- es6-weak-map@2.0.1
| | `-- esrecurse@4.1.0
| |   `-- estraverse@4.1.1
| +-- espree@3.3.2
| | +-- acorn@4.0.3
| | `-- acorn-jsx@3.0.1
| |   `-- acorn@3.3.0
| +-- estraverse@4.2.0
| +-- esutils@2.0.2
| +-- file-entry-cache@1.3.1
| | `-- flat-cache@1.2.1
| |   +-- circular-json@0.3.1
| |   +-- del@2.2.2
| |   | +-- globby@5.0.0
| |   | | `-- array-union@1.0.2
| |   | |   `-- array-uniq@1.0.3
| |   | +-- is-path-cwd@1.0.0
| |   | +-- is-path-in-cwd@1.0.0
| |   | | `-- is-path-inside@1.0.0
| |   | `-- pify@2.3.0
| |   `-- write@0.2.1
| |     `-- mkdirp@0.5.1
| +-- glob@7.1.1
| | +-- fs.realpath@1.0.0
| | +-- inflight@1.0.6
| | | `-- wrappy@1.0.2
| | `-- once@1.4.0
| +-- globals@9.12.0
| +-- ignore@3.2.0
| +-- imurmurhash@0.1.4
| +-- inquirer@0.12.0
| | +-- ansi-escapes@1.4.0
| | +-- ansi-regex@2.0.0
| | +-- cli-cursor@1.0.2
| | | `-- restore-cursor@1.0.1
| | |   +-- exit-hook@1.1.1
| | |   `-- onetime@1.1.0
| | +-- cli-width@2.1.0
| | +-- figures@1.7.0
| | +-- lodash@4.16.4
| | +-- readline2@1.0.1
| | | `-- mute-stream@0.0.5
| | +-- run-async@0.1.0
| | +-- rx-lite@3.1.2
| | `-- through@2.3.8
| +-- is-my-json-valid@2.15.0
| | +-- generate-function@2.0.0
| | +-- generate-object-property@1.2.0
| | | `-- is-property@1.0.2
| | +-- jsonpointer@4.0.0
| | `-- xtend@4.0.1
| +-- is-resolvable@1.0.0
| | `-- tryit@1.0.2
| +-- js-yaml@3.6.1
| | +-- argparse@1.0.9
| | | `-- sprintf-js@1.0.3
| | `-- esprima@2.7.3
| +-- json-stable-stringify@1.0.1
| | `-- jsonify@0.0.0
| +-- levn@0.3.0
| | +-- prelude-ls@1.1.2
| | `-- type-check@0.3.2
| +-- lodash@4.16.4
| +-- mkdirp@0.5.1
| | `-- minimist@0.0.8
| +-- optionator@0.8.2
| | +-- deep-is@0.1.3
| | +-- fast-levenshtein@2.0.5
| | `-- wordwrap@1.0.0
| +-- path-is-absolute@1.0.1
| +-- path-is-inside@1.0.2
| +-- pluralize@1.2.1
| +-- progress@1.1.8
| +-- require-uncached@1.0.2
| | +-- caller-path@0.1.0
| | | `-- callsites@0.2.0
| | `-- resolve-from@1.0.1
| +-- shelljs@0.6.1
| +-- strip-json-comments@1.0.4
| +-- table@3.8.0
| | +-- ajv@4.7.7
| | | `-- co@4.6.0
| | +-- ajv-keywords@1.1.1
| | +-- lodash@4.16.4
| | `-- slice-ansi@0.0.4
| +-- text-table@0.2.0
| `-- user-home@2.0.0
|   `-- os-homedir@1.0.2
+-- expect.js@0.1.2
+-- jquery@1.12.4
+-- mocha@2.5.3
| +-- commander@2.3.0
| +-- diff@1.4.0
| +-- escape-string-regexp@1.0.2
| +-- glob@3.2.11
| | `-- minimatch@0.3.0
| |   +-- lru-cache@2.7.3
| |   `-- sigmund@1.0.1
| +-- growl@1.9.2
| +-- jade@0.26.3
| | +-- commander@0.6.1
| | `-- mkdirp@0.3.0
| +-- mkdirp@0.5.1
| +-- supports-color@1.2.0
| `-- to-iso-string@0.0.2
+-- sinon@1.17.6
| +-- formatio@1.1.1
| +-- lolex@1.3.2
| +-- samsam@1.1.2
| `-- util@0.10.3
|   `-- inherits@2.0.1
`-- underscore@1.8.3

npm WARN optional SKIPPING OPTIONAL DEPENDENCY: fsevents@^1.0.0 (node_modules\chokidar\node_modules\fsevents):
npm WARN notsup SKIPPING OPTIONAL DEPENDENCY: Unsupported platform for fsevents@1.0.14: wanted {"os":"darwin","arch":"any"} (current: {"os":"win32","arch":"x64"})

Cindy@Cindy-HP MINGW64 ~/Documents/IT and log-ins/js-assessment (master)
$ npm start

> js-assessment@0.3.0 start C:\Users\Cindy\Documents\IT and log-ins\js-assessment
> node index.js

To work on the tests, open a browser and visit http://127.0.0.1:4444.

The tests are in files in the tests/app directory; you will need to fill out
the answers in the corresponding files in the app directory, your browser will
reload when you save the files.

For some tests, the instructions will be more involved; in those cases, the
inline comments should give you the details you need.

Server running http://127.0.0.1:4444


Cindy@Cindy-HP MINGW64 ~/Documents/IT and log-ins/js-assessment (master)
$ npm start

> js-assessment@0.3.0 start C:\Users\Cindy\Documents\IT and log-ins\js-assessment
> node index.js

To work on the tests, open a browser and visit http://127.0.0.1:4444.

The tests are in files in the tests/app directory; you will need to fill out
the answers in the corresponding files in the app directory, your browser will
reload when you save the files.

For some tests, the instructions will be more involved; in those cases, the
inline comments should give you the details you need.

Server running http://127.0.0.1:4444


Cindy@Cindy-HP MINGW64 ~/Documents/IT and log-ins/js-assessment (master)
$ ^C

Cindy@Cindy-HP MINGW64 ~/Documents/IT and log-ins/js-assessment (master)
$

Cindy@Cindy-HP MINGW64 ~
$ ls

Cindy@Cindy-HP MINGW64 ~
$ cd Documents/

Cindy@Cindy-HP MINGW64 ~/Documents
$ ls

Cindy@Cindy-HP MINGW64 ~/Documents
$ cd IT\ and\ log-ins/

Cindy@Cindy-HP MINGW64 ~/Documents/IT and log-ins
$ cd js-assessment/

Cindy@Cindy-HP MINGW64 ~/Documents/IT and log-ins/js-assessment (master)
$ npm install

Cindy@Cindy-HP MINGW64 ~/Documents/IT and log-ins/js-assessment (master)
$ npm start

Cindy@Cindy-HP MINGW64 ~/Documents/IT and log-ins/js-assessment (master)
$ npm start

> js-assessment@0.3.0 start C:\Users\Cindy\Documents\IT and log-ins\js-assessment
> node index.js

To work on the tests, open a browser and visit http://127.0.0.1:4444.

The tests are in files in the tests/app directory; you will need to fill out
the answers in the corresponding files in the app directory, your browser will
reload when you save the files.

For some tests, the instructions will be more involved; in those cases, the
inline comments should give you the details you need.

Server running http://127.0.0.1:4444


Cindy@Cindy-HP MINGW64 ~/Documents/IT and log-ins/js-assessment (master)
$ ^C

Cindy@Cindy-HP MINGW64 ~/Documents/IT and log-ins/js-assessment (master)
$
